01-01 00:05:09.278   574  4777 I CTAG    : 203  
01-01 00:05:09.278   574  4777 I CTAG    : 203  
01-01 00:05:09.278   574  4777 I CTAG    : 201  
01-01 00:05:09.278   574  4777 I CTAG    : 204  
01-01 00:05:09.278   574  4777 I CTAG    : 203  
01-01 00:05:09.278   574  4777 I CTAG    : 202  
01-01 00:05:09.278   574  4777 I CTAG    : 198  
01-01 00:05:09.279   574  4777 I CTAG    : 202  
01-01 00:05:09.279   574  4777 I CTAG    : 204  
01-01 00:05:09.279   574  4777 I CTAG    : 202  
01-01 00:05:09.279   574  4777 I CTAG    : 198  
01-01 00:05:09.279   574  4777 I CTAG    : 198  
01-01 00:05:09.279   574  4777 I CTAG    : 197  
01-01 00:05:09.279   574  4777 I CTAG    : 199  
01-01 00:05:09.279   574  4777 I CTAG    : 195  
01-01 00:05:09.279   574  4777 I CTAG    : 200  
01-01 00:05:09.279   574  4777 I CTAG    : 203  
01-01 00:05:09.279   574  4777 I CTAG    : 208  
01-01 00:05:09.279   574  4777 I CTAG    : 221  
01-01 00:05:09.279   574  4777 I CTAG    : 230  
01-01 00:05:09.279   574  4777 I CTAG    : 219  
01-01 00:05:09.279   574  4777 I CTAG    : 215  
01-01 00:05:09.279   574  4777 I CTAG    : 208  
01-01 00:05:09.279   574  4777 I CTAG    : 209  
01-01 00:05:09.279   574  4777 I CTAG    : 208  
01-01 00:05:09.279   574  4777 I CTAG    : 203  
01-01 00:05:09.279   574  4777 I CTAG    : 206  
01-01 00:05:09.279   574  4777 I CTAG    : 207  
01-01 00:05:09.279   574  4777 I CTAG    : 206  
01-01 00:05:09.279   574  4777 I CTAG    : 199  
01-01 00:05:09.279   574  4777 I CTAG    : 198  
01-01 00:05:09.279   574  4777 I CTAG    : 196  
01-01 00:05:09.279   574  4777 I CTAG    : 191  
01-01 00:05:09.279   574  4777 I CTAG    : 195  
01-01 00:05:09.279   574  4777 I CTAG    : 194  
01-01 00:05:09.279   574  4777 I CTAG    : 198  
01-01 00:05:09.279   574  4777 I CTAG    : 201  
01-01 00:05:09.279   574  4777 I CTAG    : 203  
01-01 00:05:09.279   574  4777 I CTAG    : 199  
01-01 00:05:09.279   574  4777 I CTAG    : 203  
01-01 00:05:09.279   574  4777 I CTAG    : 203  
01-01 00:05:09.279   574  4777 I CTAG    : 205  
01-01 00:05:09.280   574  4777 I CTAG    : 205  
01-01 00:05:09.280   574  4777 I CTAG    : 207  
01-01 00:05:09.280   574  4777 I CTAG    : 208  
01-01 00:05:09.280   574  4777 I CTAG    : 207  
01-01 00:05:09.280   574  4777 I CTAG    : 206  
01-01 00:05:09.280   574  4777 I CTAG    : 206  
01-01 00:05:09.280   574  4777 I CTAG    : 207  
01-01 00:05:09.280   574  4777 I CTAG    : 201  
01-01 00:05:09.280   574  4777 I CTAG    : 199  
01-01 00:05:09.280   574  4777 I CTAG    : 200  
01-01 00:05:09.280   574  4777 I CTAG    : 204  
01-01 00:05:09.280   574  4777 I CTAG    : 204  
01-01 00:05:09.280   574  4777 I CTAG    : 204  
01-01 00:05:09.280   574  4777 I CTAG    : 204  
01-01 00:05:09.280   574  4777 I CTAG    : 206  
01-01 00:05:09.280   574  4777 I CTAG    : 207  
01-01 00:05:09.280   574  4777 I CTAG    : 210  
01-01 00:05:09.280   574  4777 I CTAG    : 211  
01-01 00:05:09.280   574  4777 I CTAG    : 212  
01-01 00:05:09.280   574  4777 I CTAG    : 205  
01-01 00:05:09.280   574  4777 I CTAG    : 202  
01-01 00:05:09.280   574  4777 I CTAG    : 196  
01-01 00:05:09.280   574  4777 I CTAG    : 197  
01-01 00:05:09.280   574  4777 I CTAG    : 195  
01-01 00:05:09.280   574  4777 I CTAG    : 197  
01-01 00:05:09.280   574  4777 I CTAG    : 195  
01-01 00:05:09.280   574  4777 I CTAG    : 194  
01-01 00:05:09.280   574  4777 I CTAG    : 199  
01-01 00:05:09.280   574  4777 I CTAG    : 202  
01-01 00:05:09.280   574  4777 I CTAG    : 201  
01-01 00:05:09.280   574  4777 I CTAG    : 202  
01-01 00:05:09.281   574  4777 I CTAG    : 200  
01-01 00:05:09.281   574  4777 I CTAG    : 206  
01-01 00:05:09.281   574  4777 I CTAG    : 202  
01-01 00:05:09.281   574  4777 I CTAG    : 205  
01-01 00:05:09.281   574  4777 I CTAG    : 203  
01-01 00:05:09.281   574  4777 I CTAG    : 201  
01-01 00:05:09.281   574  4777 I CTAG    : 204  
01-01 00:05:09.281   574  4777 I CTAG    : 203  
01-01 00:05:09.281   574  4777 I CTAG    : 202  
01-01 00:05:09.281   574  4777 I CTAG    : 203  
01-01 00:05:09.281   574  4777 I CTAG    : 203  
01-01 00:05:09.281   574  4777 I CTAG    : 200  
01-01 00:05:09.281   574  4777 I CTAG    : 197  
01-01 00:05:09.281   574  4777 I CTAG    : 194  
01-01 00:05:09.281   574  4777 I CTAG    : 197  
01-01 00:05:09.281   574  4777 I CTAG    : 198  
01-01 00:05:09.281   574  4777 I CTAG    : 194  
01-01 00:05:09.281   574  4777 I CTAG    : 193  
01-01 00:05:09.281   574  4777 I CTAG    : 194  
01-01 00:05:09.281   574  4777 I CTAG    : 193  
01-01 00:05:09.281   574  4777 I CTAG    : 193  
01-01 00:05:09.281   574  4777 I CTAG    : 193  
01-01 00:05:09.281   574  4777 I CTAG    : 198  
01-01 00:05:09.281   574  4777 I CTAG    : 199  
01-01 00:05:09.281   574  4777 I CTAG    : 207  
01-01 00:05:09.281   574  4777 I CTAG    : 222  
01-01 00:05:09.282   574  4777 I MTAG    : check ######### fp_check: ret=3
01-01 00:05:09.282   574  4777 I MTAG    : check ######### ret==FP_CHK_FULL || ret==FP_CHK_PART
01-01 00:05:09.282   574  4777 I MTAG    : interrupt_event: sys i=0 check ret=3
01-01 00:05:09.282   574  4777 I MTAG    : interrupt_event ######### DO_MATCH (check return): ret = 3 
01-01 00:05:09.282   574  4777 I MTAG    : match ########: start. val=3
01-01 00:05:09.282   574  4777 I CTAG    : fp_match ##########: start. fid=1
01-01 00:05:09.282   574  4777 I CTAG    : fp_getEnrollment: start. fid=1
01-01 00:05:09.282   574  4777 I CTAG    : fp_getEnrollment: end. num=22
01-01 00:05:09.311   574  4777 I CTAG    : fp_match #########: start. val=0
01-01 00:05:09.311   574  4777 I CTAG    : fp_match: end. ret=-2, val=0
01-01 00:05:09.311   574  4777 I MTAG    : match ----####: fp_match. ret=-2
01-01 00:05:09.311   574  4777 I CTAG    : fp_match ##########: start. fid=2
01-01 00:05:09.311   574  4777 I CTAG    : fp_getEnrollment: start. fid=2
01-01 00:05:09.311   574  4777 I CTAG    : fp_getEnrollment: end. num=18
01-01 00:05:09.371   574  4777 I CTAG    : fp_match #########: start. val=8267
01-01 00:05:09.371   574  4777 I CTAG    : fp_match: end. ret=0, val=8267
01-01 00:05:09.371   574  4777 I MTAG    : match ----####: fp_match. ret=0
01-01 00:05:09.371   574  4777 I MTAG    : match ----####: fp_match successfully.
01-01 00:05:09.371   574  4777 I MTAG    : notify_match: start. fid=2
01-01 00:05:09.371   574  4777 D fingerprintd: onAcquired(0)
01-01 00:05:09.371   574  4777 I MTAG    : load_token: start. len=69
01-01 00:05:09.373   574  4777 I MTAG    : load_token: end. ret=0
01-01 00:05:09.373   574  4777 I CTAG    : fp_setWork: start. what=0
01-01 00:05:09.573   574  4777 I CTAG    : fp_setWork: end. ret=0
01-01 00:05:09.573   574  4777 D fingerprintd: onAuthenticated(fid=2, gid=0)
01-01 00:05:09.575   574  4777 E fingerprintd: Falure sending auth token to KeyStore: 6
01-01 00:05:09.576   574  4777 I MTAG    : notify_match: end.
01-01 00:05:09.576   574  4777 I CTAG    : fp_dbUpdate: start. fid=2
01-01 00:05:09.692   574  4777 I CTAG    : fp_dbUpdate: end. ret=0
01-01 00:05:09.692   574  4777 I MTAG    : match: end.
01-01 00:05:09.693   574  4777 I CTAG    : fp_getWork: ret=0
01-01 00:05:09.693   574  4777 I CTAG    : fp80_readImage: start. dlen=15360 rlen=16384
01-01 00:05:09.729   574  4777 I CTAG    : fp80_readImage: grey=3465047
01-01 00:05:09.729   574  4777 I CTAG    : fp80_readImage: end. ret=0
01-01 00:05:09.729   574  4777 I CTAG    : fp80_checkImage: coef=640 grey=5414 done=1
01-01 00:05:09.729   574  4777 I MTAG    : check ######### fp_check: ret=4
01-01 00:05:09.729   574  4777 I CTAG    : fp_getWork: ret=0
01-01 00:05:09.730   574  4777 I CTAG    : fp80_readImage: start. dlen=15360 rlen=16384
01-01 00:05:09.765   574  4777 I CTAG    : fp80_readImage: grey=3476017
01-01 00:05:09.766   574  4777 I CTAG    : fp80_readImage: end. ret=0
01-01 00:05:09.766   574  4777 I CTAG    : fp80_checkImage: coef=640 grey=5431 done=1
01-01 00:05:09.766   574  4777 I MTAG    : check ######### fp_check: ret=4
01-01 00:05:09.766   574  4777 I CTAG    : fp_getWork: ret=0
01-01 00:05:09.766   574  4777 I CTAG    : fp80_readImage: start. dlen=15360 rlen=16384
01-01 00:05:09.802   574  4777 I CTAG    : fp80_readImage: grey=3485463
01-01 00:05:09.802   574  4777 I CTAG    : fp80_readImage: end. ret=0
01-01 00:05:09.803   574  4777 I CTAG    : fp80_checkImage: coef=640 grey=5446 done=1
01-01 00:05:09.803   574  4777 I MTAG    : check ######### fp_check: ret=4
01-01 00:05:09.803   574  4777 I CTAG    : fp_getWork: ret=0
01-01 00:05:09.803   574  4777 I CTAG    : fp80_readImage: start. dlen=15360 rlen=16384
01-01 00:05:09.839   574  4777 I CTAG    : fp80_readImage: grey=3489713
01-01 00:05:09.839   574  4777 I CTAG    : fp80_readImage: end. ret=0
01-01 00:05:09.839   574  4777 I CTAG    : fp80_checkImage: coef=640 grey=5452 done=1
01-01 00:05:09.839   574  4777 I MTAG    : check ######### fp_check: ret=4
01-01 00:05:09.839   574  4777 I CTAG    : fp_getWork: ret=0
01-01 00:05:09.839   574  4777 I CTAG    : fp80_readImage: start. dlen=15360 rlen=16384
01-01 00:05:09.877   574  4777 I CTAG    : fp80_readImage: grey=3504806
01-01 00:05:09.878   574  4777 I CTAG    : fp80_readImage: end. ret=0
01-01 00:05:09.878   574  4777 I CTAG    : fp80_checkImage: coef=640 grey=5476 done=1
01-01 00:05:09.878   574  4777 I MTAG    : check ######### fp_check: ret=4
01-01 00:05:09.878   574  4777 I CTAG    : fp_getWork: ret=0
01-01 00:05:09.878   574  4777 I CTAG    : fp80_readImage: start. dlen=15360 rlen=16384
01-01 00:05:09.915   574  4777 I CTAG    : fp80_readImage: grey=3527510
01-01 00:05:09.915   574  4777 I CTAG    : fp80_readImage: end. ret=0
01-01 00:05:09.915   574  4777 I CTAG    : fp80_checkImage: coef=640 grey=5511 done=1
01-01 00:05:09.915   574  4777 I MTAG    : check ######### fp_check: ret=4
01-01 00:05:09.915   574  4777 I CTAG    : fp_getWork: ret=0
01-01 00:05:09.915   574  4777 I CTAG    : fp80_readImage: start. dlen=15360 rlen=16384
01-01 00:05:09.952   574  4777 I CTAG    : fp80_readImage: grey=3539342
01-01 00:05:09.952   574  4777 I CTAG    : fp80_readImage: end. ret=0
01-01 00:05:09.953   574  4777 I CTAG    : fp80_checkImage: coef=640 grey=5530 done=1
01-01 00:05:09.953   574  4777 I MTAG    : check ######### fp_check: ret=4
01-01 00:05:09.953   574  4777 I CTAG    : fp_getWork: ret=0
01-01 00:05:09.953   574  4777 I CTAG    : fp80_readImage: start. dlen=15360 rlen=16384
01-01 00:05:09.989   574  4777 I CTAG    : fp80_readImage: grey=3557951
01-01 00:05:09.989   574  4777 I CTAG    : fp80_readImage: end. ret=0
01-01 00:05:09.989   574  4777 I CTAG    : fp80_checkImage: coef=640 grey=5559 done=1
01-01 00:05:09.989   574  4777 I MTAG    : check ######### fp_check: ret=4
01-01 00:05:09.989   574  4777 I CTAG    : fp_getWork: ret=0
01-01 00:05:09.989   574  4777 I CTAG    : fp80_readImage: start. dlen=15360 rlen=16384
01-01 00:05:10.025   574  4777 I CTAG    : fp80_readImage: grey=3584719
01-01 00:05:10.025   574  4777 I CTAG    : fp80_readImage: end. ret=0
01-01 00:05:10.025   574  4777 I CTAG    : fp80_checkImage: coef=640 grey=5601 done=1
01-01 00:05:10.025   574  4777 I MTAG    : check ######### fp_check: ret=4
01-01 00:05:10.025   574  4777 I MTAG    : interrupt_event: sys i=1 check ret=4
01-01 00:05:10.025   574  4777 I MTAG    : match ########: start. val=4
01-01 00:05:10.026   574  4777 I CTAG    : fp_match ##########: start. fid=1
01-01 00:05:10.026   574  4777 I CTAG    : fp_getEnrollment: start. fid=1
01-01 00:05:10.026   574  4777 I CTAG    : fp_getEnrollment: end. num=22
01-01 00:05:10.055   574  4777 I CTAG    : fp_match #########: start. val=0
01-01 00:05:10.055   574  4777 I CTAG    : fp_match: end. ret=-2, val=0
01-01 00:05:10.055   574  4777 I MTAG    : match ----####: fp_match. ret=-2
01-01 00:05:10.055   574  4777 I CTAG    : fp_match ##########: start. fid=2
01-01 00:05:10.055   574  4777 I CTAG    : fp_getEnrollment: start. fid=2
01-01 00:05:10.055   574  4777 I CTAG    : fp_getEnrollment: end. num=19
01-01 00:05:10.120   574  4777 I CTAG    : fp_match #########: start. val=9989
01-01 00:05:10.120   574  4777 I CTAG    : fp_match: end. ret=0, val=9989
01-01 00:05:10.120   574  4777 I MTAG    : match ----####: fp_match. ret=0
01-01 00:05:10.120   574  4777 I MTAG    : match ----####: fp_match successfully.
01-01 00:05:10.120   574  4777 I MTAG    : notify_match: start. fid=2
01-01 00:05:10.120   574  4777 D fingerprintd: onAcquired(0)
01-01 00:05:10.120   574  4777 I MTAG    : load_token: start. len=69
01-01 00:05:10.122   574  4777 I MTAG    : load_token: end. ret=0
01-01 00:05:10.122   574  4777 I CTAG    : fp_setWork: start. what=0
01-01 00:05:10.322   574  4777 I CTAG    : fp_setWork: end. ret=0
01-01 00:05:10.323   574  4777 D fingerprintd: onAuthenticated(fid=2, gid=0)
01-01 00:05:10.324   574  4777 E fingerprintd: Falure sending auth token to KeyStore: 6
01-01 00:05:10.324   574  4777 I MTAG    : notify_match: end.
01-01 00:05:10.324   574  4777 I CTAG    : fp_dbUpdate: start. fid=2
01-01 00:05:10.424   574   574 V fingerprintd: authenticate(sid=0, gid=0)
01-01 00:05:10.424   574   574 I MTAG    : ma_verify: start. oper_id=0x0 gid=0
01-01 00:05:10.424   574   574 I CTAG    : fp_getWork: ret=0
01-01 00:05:10.424   574  4777 I CTAG    : fp_dbUpdate: end. ret=0
01-01 00:05:10.424   574  4777 I MTAG    : match: end.
01-01 00:05:10.425   574  4777 I CTAG    : fp_getWork: ret=0
01-01 00:05:10.425   574  4777 I MTAG    : interrupt_event: sys i=2 check ret=8
01-01 00:05:10.425   574  4777 I CTAG    : fp80_detectParam: start. snum=80 cnum=1
01-01 00:05:10.425   574  4777 I CTAG    : fp80_imageMode: start. volt=0x42, gconf.manc=0xf0, gconf.capc=0xdd, gconf.grey=0xff
01-01 00:05:10.425   574  4777 I CTAG    : fp80_imageMode: start. volt=0x42
01-01 00:05:10.425   574  4777 I CTAG    : fp80_resetMode: start.
01-01 00:05:10.435   574  4777 I CTAG    : fp80_resetMode: end. i=0 ret=0
01-01 00:05:10.439   574  4777 I CTAG    : fp80_imageMode: end. ret=0
01-01 00:05:10.439   574  4777 I CTAG    : fp_pressed: start, press_t=10
01-01 00:05:10.439   574  4777 I CTAG    : fp80_readImage: start. dlen=15360 rlen=16384
01-01 00:05:10.474   574   574 I MTAG    : ma_verify: #########===============================================
01-01 00:05:10.474   574   574 I CTAG    : fp_setWork: start. what=2
01-01 00:05:10.475   574  4777 I CTAG    : fp80_readImage: grey=1039957
01-01 00:05:10.475   574  4777 I CTAG    : fp80_readImage: end. ret=0
01-01 00:05:10.479   574  4777 I CTAG    : fp_pressed: dtc=0 press_t=10
01-01 00:05:10.479   574  4777 I CTAG    : detect_param: start. idx=0
01-01 00:05:10.479   574  4777 I CTAG    : fp80_detectModeParam: start. volt=0x42 para_t=0x00 para_c=0
01-01 00:05:10.491   574  4777 I CTAG    : fp80_detectModeParam: end.
01-01 00:05:10.537   574  4777 I CTAG    : 90 7F 64 5B 55 44 43 3B 3F 36 30 37 39 2C 34 30 36 33 31 35 36 30 3C 30 34 33 36 31 33 36
01-01 00:05:10.537   574  4777 I CTAG    : 2C 3B 30 3F 37 36 3A 3B 31 3A 44 39 35 3B 33 37 38 3D 33 3D 34 3A 3B 36 35 3A 36 38 3A 3C
01-01 00:05:10.537   574  4777 I CTAG    : 37 36 30 3A 34 36 2E 2F 35 3B 3C 36 37 43 47 4C 57 66 77 91 
01-01 00:05:10.537   574  4777 I CTAG    : detect_param: end. ret=0
01-01 00:05:10.537   574  4777 I CTAG    : fp80_imageMode: start. volt=0x42, gconf.manc=0xf0, gconf.capc=0xdd, gconf.grey=0xff
01-01 00:05:10.537   574  4777 I CTAG    : fp80_imageMode: start. volt=0x42
01-01 00:05:10.537   574  4777 I CTAG    : fp80_resetMode: start.
01-01 00:05:10.546   574  4777 I CTAG    : fp80_resetMode: end. i=0 ret=0
01-01 00:05:10.547   574  4777 I CTAG    : fp80_imageMode: end. ret=0
01-01 00:05:10.547   574  4777 I CTAG    : fp_pressed: start, press_t=10
01-01 00:05:10.547   574  4777 I CTAG    : fp80_readImage: start. dlen=15360 rlen=16384
01-01 00:05:10.583   574  4777 I CTAG    : fp80_readImage: grey=1039764
01-01 00:05:10.583   574  4777 I CTAG    : fp80_readImage: end. ret=0
01-01 00:05:10.587   574  4777 I CTAG    : fp_pressed: dtc=0 press_t=10
01-01 00:05:10.587   574  4777 I CTAG    : detect_param: start. idx=1
01-01 00:05:10.587   574  4777 I CTAG    : fp80_detectModeParam: start. volt=0x42 para_t=0x00 para_c=0
01-01 00:05:10.599   574  4777 I CTAG    : fp80_detectModeParam: end.
01-01 00:05:10.654   574  4777 I CTAG    : 91 81 66 5A 56 47 45 3E 43 36 32 39 3B 2E 36 34 38 33 34 39 38 31 3C 33 36 35 3A 32 34 39
01-01 00:05:10.654   574  4777 I CTAG    : 2E 3D 33 40 39 38 3B 3D 31 3D 46 3A 39 3C 36 39 39 3E 35 3E 37 3B 3D 38 37 3B 38 38 3C 3F
01-01 00:05:10.654   574  4777 I CTAG    : 39 37 32 3A 35 37 2F 30 35 3C 3D 37 38 43 46 4D 5A 68 79 94 
01-01 00:05:10.655   574  4777 I CTAG    : detect_param: end. ret=0
01-01 00:05:10.655   574  4777 I CTAG    : fp80_imageMode: start. volt=0x42, gconf.manc=0xf0, gconf.capc=0xdd, gconf.grey=0xff
01-01 00:05:10.655   574  4777 I CTAG    : fp80_imageMode: start. volt=0x42
01-01 00:05:10.655   574  4777 I CTAG    : fp80_resetMode: start.
01-01 00:05:10.663   574  4777 I CTAG    : fp80_resetMode: end. i=0 ret=0
01-01 00:05:10.665   574  4777 I CTAG    : fp80_imageMode: end. ret=0
01-01 00:05:10.665   574  4777 I CTAG    : fp_pressed: start, press_t=10
01-01 00:05:10.665   574  4777 I CTAG    : fp80_readImage: start. dlen=15360 rlen=16384
01-01 00:05:10.674   574   574 I CTAG    : fp_setWork: end. ret=0
01-01 00:05:10.675   574   574 I MTAG    : ma_verify: end. i=0 ret=0
01-01 00:05:10.701   574  4777 I CTAG    : fp80_readImage: grey=1041735
01-01 00:05:10.701   574  4777 I CTAG    : fp80_readImage: end. ret=0
01-01 00:05:10.705   574  4777 I CTAG    : fp_pressed: dtc=0 press_t=10
01-01 00:05:10.705   574  4777 I CTAG    : detect_param: start. idx=2
01-01 00:05:10.705   574  4777 I CTAG    : fp80_detectModeParam: start. volt=0x42 para_t=0x00 para_c=0
01-01 00:05:10.719   574  4777 I CTAG    : fp80_detectModeParam: end.
01-01 00:05:10.789   574  4777 I CTAG    : 92 82 6E 58 53 4C 45 46 3F 3B 37 3A 3D 36 3A 33 40 37 2B 37 3A 34 3F 3B 35 3B 30 2E 35 38
01-01 00:05:10.789   574  4777 I CTAG    : 34 39 3E 41 3A 34 3B 3C 37 3B 47 3E 3D 3F 39 41 40 39 35 37 3D 3B 3A 37 2F 3B 36 41 3C 3B
01-01 00:05:10.789   574  4777 I CTAG    : 3A 33 36 35 30 35 33 2D 32 3D 2F 32 3A 40 46 52 51 63 77 8F 
01-01 00:05:10.789   574  4777 I CTAG    : detect_param: end. ret=0
01-01 00:05:10.789   574  4777 I CTAG    : fp80_imageMode: start. volt=0x42, gconf.manc=0xf0, gconf.capc=0xdd, gconf.grey=0xff
01-01 00:05:10.789   574  4777 I CTAG    : fp80_imageMode: start. volt=0x42
01-01 00:05:10.789   574  4777 I CTAG    : fp80_resetMode: start.
01-01 00:05:10.799   574  4777 I CTAG    : fp80_resetMode: end. i=0 ret=0
01-01 00:05:10.802   574  4777 I CTAG    : fp80_imageMode: end. ret=0
01-01 00:05:10.802   574  4777 I CTAG    : fp_pressed: start, press_t=10
01-01 00:05:10.802   574  4777 I CTAG    : fp80_readImage: start. dlen=15360 rlen=16384
01-01 00:05:10.838   574  4777 I CTAG    : fp80_readImage: grey=1043538
01-01 00:05:10.838   574  4777 I CTAG    : fp80_readImage: end. ret=0
01-01 00:05:10.842   574  4777 I CTAG    : fp_pressed: dtc=0 press_t=10
01-01 00:05:10.842   574  4777 I CTAG    : detect_param: start. idx=3
01-01 00:05:10.842   574  4777 I CTAG    : fp80_detectModeParam: start. volt=0x42 para_t=0x00 para_c=0
01-01 00:05:10.856   574  4777 I CTAG    : fp80_detectModeParam: end.
01-01 00:05:10.932   574  4777 I CTAG    : 90 7B 6A 5C 56 45 44 42 43 35 35 3A 42 34 3D 37 3D 3A 32 33 3A 3A 39 39 38 3C 31 3A 35 3B
01-01 00:05:10.932   574  4777 I CTAG    : 39 3E 3A 36 36 3F 37 3E 38 3E 3D 3D 45 3F 35 3B 34 41 2F 40 3B 3E 40 33 30 37 40 3B 3E 36
01-01 00:05:10.932   574  4777 I CTAG    : 42 35 33 3F 2D 2E 2B 2A 33 39 39 3A 34 40 4B 4C 50 64 75 8C 
01-01 00:05:10.932   574  4777 I CTAG    : detect_param: end. ret=0
01-01 00:05:10.932   574  4777 I CTAG    : fp80_imageMode: start. volt=0x42, gconf.manc=0xf0, gconf.capc=0xdd, gconf.grey=0xff
01-01 00:05:10.932   574  4777 I CTAG    : fp80_imageMode: start. volt=0x42
01-01 00:05:10.932   574  4777 I CTAG    : fp80_resetMode: start.
01-01 00:05:10.943   574  4777 I CTAG    : fp80_resetMode: end. i=0 ret=0
01-01 00:05:10.946   574  4777 I CTAG    : fp80_imageMode: end. ret=0
01-01 00:05:10.946   574  4777 I CTAG    : fp_pressed: start, press_t=10
01-01 00:05:10.947   574  4777 I CTAG    : fp80_readImage: start. dlen=15360 rlen=16384
01-01 00:05:10.982   574  4777 I CTAG    : fp80_readImage: grey=1044137
01-01 00:05:10.982   574  4777 I CTAG    : fp80_readImage: end. ret=0
01-01 00:05:10.987   574  4777 I CTAG    : fp_pressed: dtc=0 press_t=10
01-01 00:05:10.987   574  4777 I CTAG    : fp80_setWakeUpTH: para_t=0x3a para_c=71 dta=15
01-01 00:05:10.987   574  4777 I CTAG    : fp80_detectParam: para_t=0x49 para_c=71
01-01 00:05:10.987   574  4777 I CTAG    : fp80_detectParam: end. ret=0 suc=1
01-01 00:05:10.987   574  4777 I CTAG    : fp80_detectMode: start. volt=0x42 para_t=0x49 para_c=71
01-01 00:05:11.004   574  4777 I CTAG    : fp80_detectMode: end.
01-01 00:05:11.004   574  4777 I MTAG    : interrupt_event: end.
01-01 00:05:11.004   574  4777 I MTAG    : wakeup_event: end.
01-01 00:05:11.004   574  4777 I CTAG    : fp_getWork: ret=2
01-01 00:05:11.005   574  4777 I MTAG    : wakeup_event: start. what=2
01-01 00:05:11.005   574  4777 I MTAG    : wakeup_event: what=2
01-01 00:05:11.005   574  4777 I CTAG    : fp80_imageMode: start. volt=0x42, gconf.manc=0xf0, gconf.capc=0xdd, gconf.grey=0xff
01-01 00:05:11.005   574  4777 I CTAG    : fp80_imageMode: start. volt=0x42
01-01 00:05:11.005   574  4777 I CTAG    : fp80_resetMode: start.
01-01 00:05:11.014   574  4777 I CTAG    : fp80_resetMode: end. i=0 ret=0
01-01 00:05:11.015   574  4777 I CTAG    : fp80_imageMode: end. ret=0
01-01 00:05:11.015   574  4777 I CTAG    : fp_pressed: start, press_t=10
01-01 00:05:11.015   574  4777 I CTAG    : fp80_readImage: start. dlen=15360 rlen=16384
01-01 00:05:11.051   574  4777 I CTAG    : fp80_readImage: grey=1041290
01-01 00:05:11.051   574  4777 I CTAG    : fp80_readImage: end. ret=0
01-01 00:05:11.055   574  4777 I CTAG    : fp_pressed: dtc=0 press_t=10
01-01 00:05:11.055   574  4777 I CTAG    : fp80_detectParam: start. snum=80 cnum=1
01-01 00:05:11.055   574  4777 I CTAG    : fp80_imageMode: start. volt=0x42, gconf.manc=0xf0, gconf.capc=0xdd, gconf.grey=0xff
01-01 00:05:11.055   574  4777 I CTAG    : fp80_imageMode: start. volt=0x42
01-01 00:05:11.056   574  4777 I CTAG    : fp80_resetMode: start.
01-01 00:05:11.067   574  4777 I CTAG    : fp80_resetMode: end. i=0 ret=0
01-01 00:05:11.070   574  4777 I CTAG    : fp80_imageMode: end. ret=0
01-01 00:05:11.070   574  4777 I CTAG    : fp_pressed: start, press_t=10
01-01 00:05:11.070   574  4777 I CTAG    : fp80_readImage: start. dlen=15360 rlen=16384
01-01 00:05:11.080   574   574 V fingerprintd: stopAuthentication()
01-01 00:05:11.081   574   574 I MTAG    : ma_cancel: start.
01-01 00:05:11.106   574  4777 I CTAG    : fp80_readImage: grey=1043273
01-01 00:05:11.106   574  4777 I CTAG    : fp80_readImage: end. ret=0
01-01 00:05:11.112   574  4777 I CTAG    : fp_pressed: dtc=0 press_t=10
01-01 00:05:11.112   574  4777 I CTAG    : detect_param: start. idx=0
01-01 00:05:11.112   574  4777 I CTAG    : fp80_detectModeParam: start. volt=0x42 para_t=0x00 para_c=0
01-01 00:05:11.129   574  4777 I CTAG    : fp80_detectModeParam: end.
01-01 00:05:11.131   574   574 I CTAG    : fp_setWork: start. what=0
01-01 00:05:11.175   574  4777 I CTAG    : 91 7F 66 59 56 46 42 3C 40 35 31 38 38 2D 36 32 36 33 33 37 36 31 3C 31 34 36 38 33 33 39
01-01 00:05:11.175   574  4777 I CTAG    : 2C 3D 31 40 39 38 3B 3C 31 3C 46 3B 38 3D 34 39 39 3D 34 3D 36 3B 3C 37 36 3C 36 38 3A 3E
01-01 00:05:11.175   574  4777 I CTAG    : 36 35 33 3A 33 37 2E 31 35 3D 3C 38 37 42 47 4C 59 66 78 92 
01-01 00:05:11.175   574  4777 I CTAG    : detect_param: end. ret=0
01-01 00:05:11.175   574  4777 I CTAG    : fp80_imageMode: start. volt=0x42, gconf.manc=0xf0, gconf.capc=0xdd, gconf.grey=0xff
01-01 00:05:11.175   574  4777 I CTAG    : fp80_imageMode: start. volt=0x42
01-01 00:05:11.175   574  4777 I CTAG    : fp80_resetMode: start.
01-01 00:05:11.185   574  4777 I CTAG    : fp80_resetMode: end. i=0 ret=0
01-01 00:05:11.188   574  4777 I CTAG    : fp80_imageMode: end. ret=0
01-01 00:05:11.188   574  4777 I CTAG    : fp_pressed: start, press_t=10
01-01 00:05:11.188   574  4777 I CTAG    : fp80_readImage: start. dlen=15360 rlen=16384
01-01 00:05:11.224   574  4777 I CTAG    : fp80_readImage: grey=1044540
01-01 00:05:11.224   574  4777 I CTAG    : fp80_readImage: end. ret=0
01-01 00:05:11.228   574  4777 I CTAG    : fp_pressed: dtc=0 press_t=10
01-01 00:05:11.228   574  4777 I CTAG    : detect_param: start. idx=1
01-01 00:05:11.228   574  4777 I CTAG    : fp80_detectModeParam: start. volt=0x42 para_t=0x00 para_c=0
01-01 00:05:11.242   574  4777 I CTAG    : fp80_detectModeParam: end.
01-01 00:05:11.298   574  4777 I CTAG    : 90 7F 65 5B 56 46 44 3C 42 37 32 38 3A 2E 36 32 38 33 34 37 37 32 3E 33 35 36 39 33 33 38
01-01 00:05:11.298   574  4777 I CTAG    : 2D 3D 32 40 3A 37 3C 3C 31 3B 46 3A 37 3D 35 39 3A 3C 36 3F 36 3D 3D 38 36 3D 35 3A 39 3D
01-01 00:05:11.298   574  4777 I CTAG    : 39 35 32 3A 35 38 30 31 34 3C 3D 37 36 43 48 4C 59 67 77 93 
01-01 00:05:11.298   574  4777 I CTAG    : detect_param: end. ret=0
01-01 00:05:11.298   574  4777 I CTAG    : fp80_imageMode: start. volt=0x42, gconf.manc=0xf0, gconf.capc=0xdd, gconf.grey=0xff
01-01 00:05:11.298   574  4777 I CTAG    : fp80_imageMode: start. volt=0x42
01-01 00:05:11.298   574  4777 I CTAG    : fp80_resetMode: start.
01-01 00:05:11.307   574  4777 I CTAG    : fp80_resetMode: end. i=0 ret=0
01-01 00:05:11.310   574  4777 I CTAG    : fp80_imageMode: end. ret=0
01-01 00:05:11.310   574  4777 I CTAG    : fp_pressed: start, press_t=10
01-01 00:05:11.310   574  4777 I CTAG    : fp80_readImage: start. dlen=15360 rlen=16384
01-01 00:05:11.331   574   574 I CTAG    : fp_setWork: end. ret=0
01-01 00:05:11.331   574   574 I MTAG    : ma_cancel: end. i=0 ret=0
01-01 00:05:11.332   574   574 V fingerprintd: authenticate(sid=0, gid=0)
01-01 00:05:11.332   574   574 I MTAG    : ma_verify: start. oper_id=0x0 gid=0
01-01 00:05:11.332   574   574 I CTAG    : fp_getWork: ret=0
01-01 00:05:11.346   574  4777 I CTAG    : fp80_readImage: grey=1043263
01-01 00:05:11.346   574  4777 I CTAG    : fp80_readImage: end. ret=0
01-01 00:05:11.351   574  4777 I CTAG    : fp_pressed: dtc=0 press_t=10
01-01 00:05:11.351   574  4777 I CTAG    : detect_param: start. idx=2
01-01 00:05:11.351   574  4777 I CTAG    : fp80_detectModeParam: start. volt=0x42 para_t=0x00 para_c=0
01-01 00:05:11.364   574  4777 I CTAG    : fp80_detectModeParam: end.
01-01 00:05:11.382   574   574 I MTAG    : ma_verify: #########===============================================
01-01 00:05:11.383   574   574 I CTAG    : fp_setWork: start. what=2
01-01 00:05:11.430   574  4777 I CTAG    : 92 83 6E 57 54 4B 44 45 3E 3B 38 3B 3E 37 39 34 3E 36 2D 37 3B 33 3E 3A 36 3B 30 30 35 37
01-01 00:05:11.430   574  4777 I CTAG    : 36 3B 3D 41 3B 34 3C 3B 37 3A 48 3D 3F 3E 38 41 40 39 37 37 3E 3B 38 37 2F 3E 36 43 3C 3B
01-01 00:05:11.430   574  4777 I CTAG    : 3B 34 36 34 31 36 34 2D 32 3D 2F 31 3A 3F 45 52 4F 62 76 90 
01-01 00:05:11.430   574  4777 I CTAG    : detect_param: end. ret=0
01-01 00:05:11.430   574  4777 I CTAG    : fp80_imageMode: start. volt=0x42, gconf.manc=0xf0, gconf.capc=0xdd, gconf.grey=0xff
01-01 00:05:11.430   574  4777 I CTAG    : fp80_imageMode: start. volt=0x42
01-01 00:05:11.430   574  4777 I CTAG    : fp80_resetMode: start.
01-01 00:05:11.440   574  4777 I CTAG    : fp80_resetMode: end. i=0 ret=0
01-01 00:05:11.441   574  4777 I CTAG    : fp80_imageMode: end. ret=0
01-01 00:05:11.441   574  4777 I CTAG    : fp_pressed: start, press_t=10
01-01 00:05:11.441   574  4777 I CTAG    : fp80_readImage: start. dlen=15360 rlen=16384
01-01 00:05:11.477   574  4777 I CTAG    : fp80_readImage: grey=1040905
01-01 00:05:11.477   574  4777 I CTAG    : fp80_readImage: end. ret=0
01-01 00:05:11.482   574  4777 I CTAG    : fp_pressed: dtc=0 press_t=10
01-01 00:05:11.482   574  4777 I CTAG    : detect_param: start. idx=3
01-01 00:05:11.482   574  4777 I CTAG    : fp80_detectModeParam: start. volt=0x42 para_t=0x00 para_c=0
01-01 00:05:11.494   574  4777 I CTAG    : fp80_detectModeParam: end.
01-01 00:05:11.570   574  4777 I CTAG    : 91 7B 6A 5C 55 47 45 43 43 34 34 38 41 31 3C 36 3E 38 32 35 3A 3B 37 38 38 3C 32 39 36 3B
01-01 00:05:11.570   574  4777 I CTAG    : 39 3F 38 37 37 3E 36 3E 36 3D 3F 3E 45 3D 34 3C 33 42 2E 41 3B 3F 41 32 2E 37 3F 3B 3E 34
01-01 00:05:11.570   574  4777 I CTAG    : 42 35 31 3F 2E 2D 2B 2C 34 37 3A 3A 34 42 4B 4C 51 63 75 8D 
01-01 00:05:11.570   574  4777 I CTAG    : detect_param: end. ret=0
01-01 00:05:11.570   574  4777 I CTAG    : fp80_imageMode: start. volt=0x42, gconf.manc=0xf0, gconf.capc=0xdd, gconf.grey=0xff
01-01 00:05:11.570   574  4777 I CTAG    : fp80_imageMode: start. volt=0x42
01-01 00:05:11.570   574  4777 I CTAG    : fp80_resetMode: start.
01-01 00:05:11.579   574  4777 I CTAG    : fp80_resetMode: end. i=0 ret=0
01-01 00:05:11.580   574  4777 I CTAG    : fp80_imageMode: end. ret=0
01-01 00:05:11.581   574  4777 I CTAG    : fp_pressed: start, press_t=10
01-01 00:05:11.581   574  4777 I CTAG    : fp80_readImage: start. dlen=15360 rlen=16384
01-01 00:05:11.583   574   574 I CTAG    : fp_setWork: end. ret=0
01-01 00:05:11.583   574   574 I MTAG    : ma_verify: end. i=0 ret=0
01-01 00:05:11.617   574  4777 I CTAG    : fp80_readImage: grey=1041826
01-01 00:05:11.617   574  4777 I CTAG    : fp80_readImage: end. ret=0
01-01 00:05:11.621   574  4777 I CTAG    : fp_pressed: dtc=0 press_t=10
01-01 00:05:11.621   574  4777 I CTAG    : fp80_setWakeUpTH: para_t=0x3d para_c=48 dta=15
01-01 00:05:11.621   574  4777 I CTAG    : fp80_detectParam: para_t=0x4c para_c=48
01-01 00:05:11.621   574  4777 I CTAG    : fp80_detectParam: end. ret=0 suc=1
01-01 00:05:11.621   574  4777 I CTAG    : fp80_detectMode: start. volt=0x42 para_t=0x4c para_c=48
01-01 00:05:11.630   574  4777 I CTAG    : fp80_detectMode: end.
01-01 00:05:11.630   574  4777 I MTAG    : wakeup_event: end.
01-01 00:05:11.630   574  4777 I CTAG    : fp_getWork: ret=2
01-01 00:05:11.630   574  4777 I MTAG    : wakeup_event: start. what=2
01-01 00:05:11.630   574  4777 I MTAG    : wakeup_event: what=2
01-01 00:05:11.631   574  4777 I CTAG    : fp80_imageMode: start. volt=0x42, gconf.manc=0xf0, gconf.capc=0xdd, gconf.grey=0xff
01-01 00:05:11.631   574  4777 I CTAG    : fp80_imageMode: start. volt=0x42
01-01 00:05:11.631   574  4777 I CTAG    : fp80_resetMode: start.
01-01 00:05:11.639   574  4777 I CTAG    : fp80_resetMode: end. i=0 ret=0
01-01 00:05:11.640   574  4777 I CTAG    : fp80_imageMode: end. ret=0
01-01 00:05:11.640   574  4777 I CTAG    : fp_pressed: start, press_t=10
01-01 00:05:11.640   574  4777 I CTAG    : fp80_readImage: start. dlen=15360 rlen=16384
01-01 00:05:11.676   574  4777 I CTAG    : fp80_readImage: grey=1039538
01-01 00:05:11.676   574  4777 I CTAG    : fp80_readImage: end. ret=0
01-01 00:05:11.680   574  4777 I CTAG    : fp_pressed: dtc=0 press_t=10
01-01 00:05:11.681   574  4777 I CTAG    : fp80_detectParam: start. snum=80 cnum=1
01-01 00:05:11.681   574  4777 I CTAG    : fp80_imageMode: start. volt=0x42, gconf.manc=0xf0, gconf.capc=0xdd, gconf.grey=0xff
01-01 00:05:11.681   574  4777 I CTAG    : fp80_imageMode: start. volt=0x42
01-01 00:05:11.681   574  4777 I CTAG    : fp80_resetMode: start.
01-01 00:05:11.691   574  4777 I CTAG    : fp80_resetMode: end. i=0 ret=0
01-01 00:05:11.692   574  4777 I CTAG    : fp80_imageMode: end. ret=0
01-01 00:05:11.692   574  4777 I CTAG    : fp_pressed: start, press_t=10
01-01 00:05:11.692   574  4777 I CTAG    : fp80_readImage: start. dlen=15360 rlen=16384
01-01 00:05:11.728   574  4777 I CTAG    : fp80_readImage: grey=1040070
01-01 00:05:11.728   574  4777 I CTAG    : fp80_readImage: end. ret=0
01-01 00:05:11.738   574  4777 I CTAG    : fp_pressed: dtc=0 press_t=10
01-01 00:05:11.738   574  4777 I CTAG    : detect_param: start. idx=0
01-01 00:05:11.738   574  4777 I CTAG    : fp80_detectModeParam: start. volt=0x42 para_t=0x00 para_c=0
01-01 00:05:11.752   574  4777 I CTAG    : fp80_detectModeParam: end.
01-01 00:05:11.798   574  4777 I CTAG    : 90 7E 65 59 54 46 44 3D 41 36 30 37 39 2C 35 31 37 32 32 37 37 32 3C 2F 34 34 38 32 33 38
01-01 00:05:11.798   574  4777 I CTAG    : 2D 3B 30 3F 38 37 3B 3B 32 3A 45 39 37 3B 33 37 38 3C 34 3D 34 3A 3D 35 34 3B 35 37 39 3D
01-01 00:05:11.798   574  4777 I CTAG    : 38 35 30 39 34 35 30 30 34 3D 3C 37 37 42 46 4C 59 66 76 92 
01-01 00:05:11.799   574  4777 I CTAG    : detect_param: end. ret=0
01-01 00:05:11.799   574  4777 I CTAG    : fp80_imageMode: start. volt=0x42, gconf.manc=0xf0, gconf.capc=0xdd, gconf.grey=0xff
01-01 00:05:11.799   574  4777 I CTAG    : fp80_imageMode: start. volt=0x42
01-01 00:05:11.799   574  4777 I CTAG    : fp80_resetMode: start.
01-01 00:05:11.808   574  4777 I CTAG    : fp80_resetMode: end. i=0 ret=0
01-01 00:05:11.810   574  4777 I CTAG    : fp80_imageMode: end. ret=0
01-01 00:05:11.811   574  4777 I CTAG    : fp_pressed: start, press_t=10
01-01 00:05:11.811   574  4777 I CTAG    : fp80_readImage: start. dlen=15360 rlen=16384
01-01 00:05:11.848   574  4777 I CTAG    : fp80_readImage: grey=1041808
01-01 00:05:11.848   574  4777 I CTAG    : fp80_readImage: end. ret=0
01-01 00:05:11.852   574  4777 I CTAG    : fp_pressed: dtc=0 press_t=10
01-01 00:05:11.852   574  4777 I CTAG    : detect_param: start. idx=1
01-01 00:05:11.852   574  4777 I CTAG    : fp80_detectModeParam: start. volt=0x42 para_t=0x00 para_c=0
01-01 00:05:11.868   574  4777 I CTAG    : fp80_detectModeParam: end.
01-01 00:05:11.924   574  4777 I CTAG    : 90 80 64 5A 57 45 44 3D 41 36 31 3A 3A 2E 36 31 39 32 33 37 37 31 3C 32 35 34 39 33 33 38
01-01 00:05:11.924   574  4777 I CTAG    : 2C 3C 32 40 39 39 3C 3C 33 3C 47 39 37 3C 33 38 37 3E 33 3D 34 3C 3C 37 35 3A 36 38 3A 3D
01-01 00:05:11.924   574  4777 I CTAG    : 39 35 30 3A 35 37 2F 31 35 3C 3D 37 37 42 46 4C 59 66 77 93 
01-01 00:05:11.924   574  4777 I CTAG    : detect_param: end. ret=0
01-01 00:05:11.924   574  4777 I CTAG    : fp80_imageMode: start. volt=0x42, gconf.manc=0xf0, gconf.capc=0xdd, gconf.grey=0xff
01-01 00:05:11.924   574  4777 I CTAG    : fp80_imageMode: start. volt=0x42
01-01 00:05:11.924   574  4777 I CTAG    : fp80_resetMode: start.
01-01 00:05:11.933   574  4777 I CTAG    : fp80_resetMode: end. i=0 ret=0
01-01 00:05:11.936   574  4777 I CTAG    : fp80_imageMode: end. ret=0
01-01 00:05:11.936   574  4777 I CTAG    : fp_pressed: start, press_t=10
01-01 00:05:11.936   574  4777 I CTAG    : fp80_readImage: start. dlen=15360 rlen=16384
01-01 00:05:11.972   574  4777 I CTAG    : fp80_readImage: grey=1218728
01-01 00:05:11.972   574  4777 I CTAG    : fp80_readImage: end. ret=0
01-01 00:05:11.977   574  4777 I CTAG    : fp_pressed: dtc=0 press_t=10
01-01 00:05:11.977   574  4777 I CTAG    : detect_param: start. idx=2
01-01 00:05:11.977   574  4777 I CTAG    : fp80_detectModeParam: start. volt=0x42 para_t=0x00 para_c=0
01-01 00:05:11.993   574  4777 I CTAG    : fp80_detectModeParam: end.
01-01 00:05:12.059   574  4777 I CTAG    : C1 BA B1 A7 A8 A5 A4 A7 A3 A3 A2 A6 AB A9 AE AB B3 AF A8 AB AE A7 AB A8 A4 A8 A3 A3 A7 A7
01-01 00:05:12.059   574  4777 I CTAG    : A5 A4 A1 A1 9B 95 99 99 98 9A A6 A2 A4 A5 A2 A8 A7 A3 A0 A0 A2 9F 9D 9B 96 9E 99 A1 9F A0
01-01 00:05:12.059   574  4777 I CTAG    : A3 A1 A5 A3 9F 9F 9B 92 93 97 8A 83 83 7E 7C 7E 77 80 8D 9E 
01-01 00:05:12.059   574  4777 I CTAG    : detect_param: end. ret=0
01-01 00:05:12.059   574  4777 I CTAG    : fp80_imageMode: start. volt=0x42, gconf.manc=0xf0, gconf.capc=0xdd, gconf.grey=0xff
01-01 00:05:12.059   574  4777 I CTAG    : fp80_imageMode: start. volt=0x42
01-01 00:05:12.059   574  4777 I CTAG    : fp80_resetMode: start.
01-01 00:05:12.069   574  4777 I CTAG    : fp80_resetMode: end. i=0 ret=0
01-01 00:05:12.071   574  4777 I CTAG    : fp80_imageMode: end. ret=0
01-01 00:05:12.071   574  4777 I CTAG    : fp_pressed: start, press_t=10
01-01 00:05:12.071   574  4777 I CTAG    : fp80_readImage: start. dlen=15360 rlen=16384
01-01 00:05:12.107   574  4777 I CTAG    : fp80_readImage: grey=2544419
01-01 00:05:12.107   574  4777 I CTAG    : fp80_readImage: end. ret=0
01-01 00:05:12.111   574  4777 I CTAG    : fp_pressed: dtc=1 press_t=10
01-01 00:05:12.111   574  4777 I CTAG    : fp80_detectParam: end. ret=1 suc=0
01-01 00:05:12.112   574  4777 I CTAG    : fp80_detectMode: start. volt=0x42 para_t=0x4c para_c=48
01-01 00:05:12.128   574  4777 I CTAG    : fp80_detectMode: end.
01-01 00:05:12.128   574  4777 I MTAG    : wakeup_event: end.
01-01 00:05:12.184   574  4777 I CTAG    : fp_getWork: ret=2
01-01 00:05:12.184   574  4777 I MTAG    : interrupt_event #########: start. what=2
01-01 00:05:12.184   574  4777 I MTAG    : interrupt_event: repo=1
01-01 00:05:12.184   574  4777 I CTAG    : fp80_imageMode: start. volt=0x42, gconf.manc=0xf0, gconf.capc=0xdd, gconf.grey=0xff
01-01 00:05:12.184   574  4777 I CTAG    : fp80_imageMode: start. volt=0x42
01-01 00:05:12.184   574  4777 I CTAG    : fp80_resetMode: start.
01-01 00:05:12.195   574  4777 I CTAG    : fp80_resetMode: end. i=0 ret=0
01-01 00:05:12.199   574  4777 I CTAG    : fp80_imageMode: end. ret=0
01-01 00:05:12.199   574  4777 I MTAG    : interrupt_event #########: start enroll sys i=0 check ret=0
01-01 00:05:12.200   574  4777 I CTAG    : fp_getWork: ret=2
01-01 00:05:12.200   574  4777 I CTAG    : fp80_readImage: start. dlen=15360 rlen=16384
01-01 00:05:12.236   574  4777 I CTAG    : fp80_readImage: grey=3184985
01-01 00:05:12.236   574  4777 I CTAG    : fp80_readImage: end. ret=0
01-01 00:05:12.236   574  4777 I CTAG    : fp80_checkImage: coef=640 grey=4976 done=0
01-01 00:05:12.237   574  4777 I CTAG    : fp80_checkImage: end. done=0 dtc=1 ret=1
01-01 00:05:12.237   574  4777 I MTAG    : check ######### fp_check: ret=1
01-01 00:05:12.237   574  4777 I MTAG    : check: finger down.
01-01 00:05:12.237   574  4777 I CTAG    : fp_getWork: ret=2
01-01 00:05:12.237   574  4777 I MTAG    : now2 what is: 2
01-01 00:05:12.237   574  4777 I CTAG    : fp_getWork: ret=2
01-01 00:05:12.237   574  4777 I CTAG    : fp80_readImage: start. dlen=15360 rlen=16384
01-01 00:05:12.273   574  4777 I CTAG    : fp80_readImage: grey=3289214
01-01 00:05:12.273   574  4777 I CTAG    : fp80_readImage: end. ret=0
01-01 00:05:12.274   574  4777 I CTAG    : fp80_checkImage: coef=640 grey=5139 done=0
01-01 00:05:12.274   574  4777 I CTAG    : complete #######: start. gconf.imgw=80
01-01 00:05:12.274   574  4777 I CTAG    : complete #######: mytest_lnum=0
01-01 00:05:12.274   574  4777 I CTAG    : fp80_checkImage: idx=1 pcnt=1 fcnt=1 height=0 ret=4 done=0
01-01 00:05:12.274   574  4777 I CTAG    : fp80_checkImage: end. done=0 dtc=1 ret=4
01-01 00:05:12.274   574  4777 I MTAG    : check ######### fp_check: ret=4
01-01 00:05:12.274   574  4777 I CTAG    : fp_getWork: ret=2
01-01 00:05:12.275   574  4777 I CTAG    : fp80_readImage: start. dlen=15360 rlen=16384
01-01 00:05:12.310   574  4777 I CTAG    : fp80_readImage: grey=3368205
01-01 00:05:12.311   574  4777 I CTAG    : fp80_readImage: end. ret=0
01-01 00:05:12.311   574  4777 I CTAG    : fp80_checkImage: coef=640 grey=5262 done=0
01-01 00:05:12.311   574  4777 I CTAG    : complete #######: start. gconf.imgw=80
01-01 00:05:12.311   574  4777 I CTAG    : complete #######: mytest_lnum=0
01-01 00:05:12.311   574  4777 I CTAG    : fp80_checkImage: idx=2 pcnt=2 fcnt=2 height=0 ret=4 done=0
01-01 00:05:12.311   574  4777 I CTAG    : fp80_checkImage: end. done=0 dtc=1 ret=4
01-01 00:05:12.312   574  4777 I MTAG    : check ######### fp_check: ret=4
01-01 00:05:12.312   574  4777 I CTAG    : fp_getWork: ret=2
01-01 00:05:12.312   574  4777 I CTAG    : fp80_readImage: start. dlen=15360 rlen=16384
01-01 00:05:12.348   574  4777 I CTAG    : fp80_readImage: grey=3419438
01-01 00:05:12.348   574  4777 I CTAG    : fp80_readImage: end. ret=0
01-01 00:05:12.348   574  4777 I CTAG    : fp80_checkImage: coef=640 grey=5342 done=0
01-01 00:05:12.348   574  4777 I CTAG    : complete #######: start. gconf.imgw=80
01-01 00:05:12.349   574  4777 I CTAG    : complete #######: mytest_lnum=0
01-01 00:05:12.349   574  4777 I CTAG    : fp80_checkImage: idx=3 pcnt=3 fcnt=3 height=0 ret=4 done=0
01-01 00:05:12.349   574  4777 I CTAG    : fp80_checkImage: end. done=0 dtc=1 ret=4
01-01 00:05:12.349   574  4777 I MTAG    : check ######### fp_check: ret=4
01-01 00:05:12.349   574  4777 I CTAG    : fp_getWork: ret=2
01-01 00:05:12.349   574  4777 I CTAG    : fp80_readImage: start. dlen=15360 rlen=16384
01-01 00:05:12.384   574  4777 I CTAG    : fp80_readImage: grey=3451397
01-01 00:05:12.385   574  4777 I CTAG    : fp80_readImage: end. ret=0
01-01 00:05:12.385   574  4777 I CTAG    : fp80_checkImage: coef=640 grey=5392 done=0
01-01 00:05:12.385   574  4777 I CTAG    : complete #######: start. gconf.imgw=80
01-01 00:05:12.385   574  4777 I CTAG    : complete #######: mytest_lnum=0
01-01 00:05:12.385   574  4777 I CTAG    : fp80_checkImage: idx=4 pcnt=4 fcnt=4 height=0 ret=4 done=0
01-01 00:05:12.386   574  4777 I CTAG    : fp80_checkImage: end. done=0 dtc=1 ret=4
01-01 00:05:12.386   574  4777 I MTAG    : check ######### fp_check: ret=4
01-01 00:05:12.386   574  4777 I CTAG    : fp_getWork: ret=2
01-01 00:05:12.386   574  4777 I CTAG    : fp80_readImage: start. dlen=15360 rlen=16384
01-01 00:05:12.422   574  4777 I CTAG    : fp80_readImage: grey=3485817
01-01 00:05:12.422   574  4777 I CTAG    : fp80_readImage: end. ret=0
01-01 00:05:12.422   574  4777 I CTAG    : fp80_checkImage: coef=640 grey=5446 done=0
01-01 00:05:12.422   574  4777 I CTAG    : complete #######: start. gconf.imgw=80
01-01 00:05:12.423   574  4777 I CTAG    : complete #######: mytest_lnum=0
01-01 00:05:12.423   574  4777 I CTAG    : fp80_checkImage: idx=5 pcnt=5 fcnt=5 height=0 ret=4 done=0
01-01 00:05:12.423   574  4777 I CTAG    : fp80_checkImage: end. done=0 dtc=1 ret=4
01-01 00:05:12.423   574  4777 I MTAG    : check ######### fp_check: ret=4
01-01 00:05:12.423   574  4777 I CTAG    : fp_getWork: ret=2
01-01 00:05:12.423   574  4777 I CTAG    : fp80_readImage: start. dlen=15360 rlen=16384
01-01 00:05:12.459   574  4777 I CTAG    : fp80_readImage: grey=3506185
01-01 00:05:12.459   574  4777 I CTAG    : fp80_readImage: end. ret=0
01-01 00:05:12.459   574  4777 I CTAG    : fp80_checkImage: coef=640 grey=5478 done=0
01-01 00:05:12.459   574  4777 I CTAG    : complete #######: start. gconf.imgw=80
01-01 00:05:12.460   574  4777 I CTAG    : complete #######: mytest_lnum=0
01-01 00:05:12.460   574  4777 I CTAG    : fp80_checkImage: idx=6 pcnt=6 fcnt=6 height=0 ret=4 done=0
01-01 00:05:12.460   574  4777 I CTAG    : fp80_checkImage: end. done=0 dtc=1 ret=4
01-01 00:05:12.460   574  4777 I MTAG    : check ######### fp_check: ret=4
01-01 00:05:12.460   574  4777 I CTAG    : fp_getWork: ret=2
01-01 00:05:12.460   574  4777 I CTAG    : fp80_readImage: start. dlen=15360 rlen=16384
01-01 00:05:12.496   574  4777 I CTAG    : fp80_readImage: grey=3519831
01-01 00:05:12.496   574  4777 I CTAG    : fp80_readImage: end. ret=0
01-01 00:05:12.497   574  4777 I CTAG    : fp80_checkImage: coef=640 grey=5499 done=0
01-01 00:05:12.497   574  4777 I CTAG    : complete #######: start. gconf.imgw=80
01-01 00:05:12.497   574  4777 I CTAG    : complete #######: mytest_lnum=0
01-01 00:05:12.498   574  4777 I CTAG    : fp80_checkImage: idx=7 pcnt=7 fcnt=7 height=0 ret=4 done=0
01-01 00:05:12.498   574  4777 I CTAG    : fp80_checkImage: end. done=0 dtc=1 ret=4
01-01 00:05:12.498   574  4777 I MTAG    : check ######### fp_check: ret=4
01-01 00:05:12.498   574  4777 I CTAG    : fp_getWork: ret=2
01-01 00:05:12.498   574  4777 I CTAG    : fp80_readImage: start. dlen=15360 rlen=16384
01-01 00:05:12.534   574  4777 I CTAG    : fp80_readImage: grey=3533815
01-01 00:05:12.534   574  4777 I CTAG    : fp80_readImage: end. ret=0
01-01 00:05:12.534   574  4777 I CTAG    : fp80_checkImage: coef=640 grey=5521 done=0
01-01 00:05:12.534   574  4777 I CTAG    : complete #######: start. gconf.imgw=80
01-01 00:05:12.535   574  4777 I CTAG    : complete #######: mytest_lnum=0
01-01 00:05:12.535   574  4777 I CTAG    : fp80_checkImage: idx=8 pcnt=8 fcnt=8 height=0 ret=4 done=0
01-01 00:05:12.535   574  4777 I CTAG    : fp80_checkImage: end. done=0 dtc=1 ret=4
01-01 00:05:12.535   574  4777 I MTAG    : check ######### fp_check: ret=4
01-01 00:05:12.535   574  4777 I CTAG    : fp_getWork: ret=2
01-01 00:05:12.535   574  4777 I CTAG    : fp80_readImage: start. dlen=15360 rlen=16384
01-01 00:05:12.573   574  4777 I CTAG    : fp80_readImage: grey=3544180
01-01 00:05:12.573   574  4777 I CTAG    : fp80_readImage: end. ret=0
01-01 00:05:12.573   574  4777 I CTAG    : fp80_checkImage: coef=640 grey=5537 done=0
01-01 00:05:12.573   574  4777 I CTAG    : complete #######: start. gconf.imgw=80
01-01 00:05:12.574   574  4777 I CTAG    : complete #######: mytest_lnum=0
01-01 00:05:12.574   574  4777 I CTAG    : fp80_checkImage: idx=9 pcnt=9 fcnt=9 height=0 ret=4 done=0
01-01 00:05:12.574   574  4777 I CTAG    : fp80_checkImage: end. done=0 dtc=1 ret=4
01-01 00:05:12.574   574  4777 I MTAG    : check ######### fp_check: ret=4
01-01 00:05:12.574   574  4777 I CTAG    : fp_getWork: ret=2
01-01 00:05:12.574   574  4777 I CTAG    : fp80_readImage: start. dlen=15360 rlen=16384
01-01 00:05:12.610   574  4777 I CTAG    : fp80_readImage: grey=3554546
01-01 00:05:12.610   574  4777 I CTAG    : fp80_readImage: end. ret=0
01-01 00:05:12.610   574  4777 I CTAG    : fp80_checkImage: coef=640 grey=5553 done=0
01-01 00:05:12.610   574  4777 I CTAG    : complete #######: start. gconf.imgw=80
01-01 00:05:12.611   574  4777 I CTAG    : complete #######: mytest_lnum=0
01-01 00:05:12.611   574  4777 I CTAG    : fp80_checkImage: idx=10 pcnt=10 fcnt=10 height=0 ret=3 done=1
01-01 00:05:12.611   574  4777 I CTAG    : is_exposed 11111########: FP_IMG_EXPOSURE num=399.
01-01 00:05:12.611   574  4777 I CTAG    : is_exposed #######: ret=-33 gconf.reg_grey= 255.
01-01 00:05:12.611   574  4777 I CTAG    : fp_check #######: FP_IMG_EXPOSURE.
01-01 00:05:12.611   574  4777 I CTAG    : fp_check #######: 1111 gconf.reg_grey= 0.
01-01 00:05:12.612   574  4777 I MTAG    : check ######### fp_check: ret=-33
01-01 00:05:12.612   574  4777 I CTAG    : fp_getWork: ret=2
01-01 00:05:12.612   574  4777 I CTAG    : fp80_readImage: start. dlen=15360 rlen=16384
01-01 00:05:12.649   574  4777 I CTAG    : fp80_readImage: grey=2886
01-01 00:05:12.649   574  4777 I CTAG    : fp80_readImage: end. ret=0
01-01 00:05:12.650   574  4777 I CTAG    : is_exposed 22222########: num=374, sum=2886.
01-01 00:05:12.650   574  4777 I CTAG    : is_exposed #######: ret=1 gconf.reg_grey= 218.
01-01 00:05:12.650   574  4777 I CTAG    : fp_check #######: ret=1 gconf.reg_grey= 218.
01-01 00:05:12.650   574  4777 I CTAG    : fp80_readImage: start. dlen=15360 rlen=16384
01-01 00:05:12.687   574  4777 I CTAG    : fp80_readImage: grey=3003245
01-01 00:05:12.687   574  4777 I CTAG    : fp80_readImage: end. ret=0
01-01 00:05:12.687   574  4777 I CTAG    : 0  
01-01 00:05:12.687   574  4777 I CTAG    : 239  
01-01 00:05:12.687   574  4777 I CTAG    : 232  
01-01 00:05:12.687   574  4777 I CTAG    : 229  
01-01 00:05:12.687   574  4777 I CTAG    : 228  
01-01 00:05:12.687   574  4777 I CTAG    : 222  
01-01 00:05:12.687   574  4777 I CTAG    : 221  
01-01 00:05:12.687   574  4777 I CTAG    : 219  
01-01 00:05:12.687   574  4777 I CTAG    : 220  
01-01 00:05:12.687   574  4777 I CTAG    : 219  
01-01 00:05:12.687   574  4777 I CTAG    : 212  
01-01 00:05:12.687   574  4777 I CTAG    : 216  
01-01 00:05:12.687   574  4777 I CTAG    : 220  
01-01 00:05:12.687   574  4777 I CTAG    : 220  
01-01 00:05:12.688   574  4777 I CTAG    : 223  
01-01 00:05:12.688   574  4777 I CTAG    : 225  
01-01 00:05:12.688   574  4777 I CTAG    : 230  
01-01 00:05:12.688   574  4777 I CTAG    : 230  
01-01 00:05:12.688   574  4777 I CTAG    : 226  
01-01 00:05:12.688   574  4777 I CTAG    : 222  
01-01 00:05:12.688   574  4777 I CTAG    : 228  
01-01 00:05:12.688   574  4777 I CTAG    : 225  
01-01 00:05:12.688   574  4777 I CTAG    : 227  
01-01 00:05:12.688   574  4777 I CTAG    : 224  
01-01 00:05:12.688   574  4777 I CTAG    : 224  
01-01 00:05:12.688   574  4777 I CTAG    : 225  
01-01 00:05:12.688   574  4777 I CTAG    : 225  
01-01 00:05:12.688   574  4777 I CTAG    : 223  
01-01 00:05:12.688   574  4777 I CTAG    : 226  
01-01 00:05:12.688   574  4777 I CTAG    : 229  
01-01 00:05:12.688   574  4777 I CTAG    : 232  
01-01 00:05:12.688   574  4777 I CTAG    : 228  
01-01 00:05:12.688   574  4777 I CTAG    : 229  
01-01 00:05:12.688   574  4777 I CTAG    : 230  
01-01 00:05:12.688   574  4777 I CTAG    : 229  
01-01 00:05:12.688   574  4777 I CTAG    : 230  
01-01 00:05:12.688   574  4777 I CTAG    : 231  
01-01 00:05:12.688   574  4777 I CTAG    : 232  
01-01 00:05:12.688   574  4777 I CTAG    : 227  
01-01 00:05:12.688   574  4777 I CTAG    : 227  
01-01 00:05:12.688   574  4777 I CTAG    : 228  
01-01 00:05:12.688   574  4777 I CTAG    : 225  
01-01 00:05:12.688   574  4777 I CTAG    : 223  
01-01 00:05:12.688   574  4777 I CTAG    : 224  
01-01 00:05:12.688   574  4777 I CTAG    : 226  
01-01 00:05:12.688   574  4777 I CTAG    : 225  
01-01 00:05:12.688   574  4777 I CTAG    : 221  
01-01 00:05:12.688   574  4777 I CTAG    : 218  
01-01 00:05:12.689   574  4777 I CTAG    : 217  
01-01 00:05:12.689   574  4777 I CTAG    : 217  
01-01 00:05:12.689   574  4777 I CTAG    : 218  
01-01 00:05:12.689   574  4777 I CTAG    : 217  
01-01 00:05:12.689   574  4777 I CTAG    : 221  
01-01 00:05:12.689   574  4777 I CTAG    : 218  
01-01 00:05:12.689   574  4777 I CTAG    : 220  
01-01 00:05:12.689   574  4777 I CTAG    : 223  
01-01 00:05:12.689   574  4777 I CTAG    : 214  
01-01 00:05:12.689   574  4777 I CTAG    : 215  
